database is lockeddatabase is locked